// Jest Snapshot v1, https://goo.gl/fbAQLP

exports[`Es hora de las instantaneas Siempre falllara la instantanea 1`] = `
Object {
  "createAt": 2021-06-30T20:42:22.392Z,
  "id": 9,
}
`;

exports[`Es hora de las instantaneas Snapshot 1`] = `
Object {
  "gender": "Male",
  "id": 1,
  "name": "Rick Sanches",
  "species": "Human",
  "status": "Alive",
}
`;

exports[`Es hora de las instantaneas Tenemos una excepci√≥n dentro del codigo 1`] = `
Object {
  "id": Any<Number>,
  "name": "Laura Martinez",
}
`;
